----------------------------------------------------------
Task(s) matching: "Description: "
category/shorten task_id: task description : sort criteria(Date: )
----------------------------------------------------------
  todo/2004c83e: first task: 2016-11-08 20:11:17

(q)uit, (n)ext, (s)how details, (a)ssign to me, (h)istory.
######################################
cat: /tmp/mgt-test/project/todo/2004c83e: Aucun fichier ou dossier de ce type
######################################

(q)uit, (n)ext, (s)how details, (a)ssign to me, (h)istory.
fatal: ambiguous argument '/tmp/mgt-test/project/todo/2004c83e': unknown revision or path not in the working tree.
Use '--' to separate paths from revisions, like this:
'git <command> [<revision>...] -- [<file>...]'

(q)uit, (n)ext, (s)how details, (a)ssign to me, (h)istory.
mgt: task: '2004c83e' not found

(q)uit, (n)ext, (s)how details, (a)ssign to me, (h)istory.
fatal: ambiguous argument '/tmp/mgt-test/project/todo/2004c83e': unknown revision or path not in the working tree.
Use '--' to separate paths from revisions, like this:
'git <command> [<revision>...] -- [<file>...]'

(q)uit, (n)ext, (s)how details, (a)ssign to me, (h)istory.
